.:
archive.lst
hardware
libraries
tools
WifiZineThrowie

./hardware:
espressif

./hardware/espressif:
arduino-esp32-d27d29719579cd765ef032b76e9a50b71bcf2a84.zip
esp32

./hardware/espressif/esp32:
appveyor.yml
boards.txt
component.mk
cores
docs
Kconfig
libraries
Makefile.projbuild
package
package.json
platform.txt
programmers.txt
README.md
tools
variants

./hardware/espressif/esp32/cores:
esp32

./hardware/espressif/esp32/cores/esp32:
Arduino.h
base64.cpp
base64.h
binary.h
cbuf.cpp
cbuf.h
Client.h
esp32-hal-adc.c
esp32-hal-adc.h
esp32-hal-bt.c
esp32-hal-bt.h
esp32-hal-dac.c
esp32-hal-dac.h
esp32-hal-gpio.c
esp32-hal-gpio.h
esp32-hal.h
esp32-hal-i2c.c
esp32-hal-i2c.h
esp32-hal-ledc.c
esp32-hal-ledc.h
esp32-hal-log.h
esp32-hal-matrix.c
esp32-hal-matrix.h
esp32-hal-misc.c
esp32-hal-sigmadelta.c
esp32-hal-sigmadelta.h
esp32-hal-spi.c
esp32-hal-spi.h
esp32-hal-time.c
esp32-hal-timer.c
esp32-hal-timer.h
esp32-hal-touch.c
esp32-hal-touch.h
esp32-hal-uart.c
esp32-hal-uart.h
esp8266-compat.h
Esp.cpp
Esp.h
HardwareSerial.cpp
HardwareSerial.h
IPAddress.cpp
IPAddress.h
IPv6Address.cpp
IPv6Address.h
libb64
main.cpp
MD5Builder.cpp
MD5Builder.h
pgmspace.h
Printable.h
Print.cpp
Print.h
Server.h
stdlib_noniso.c
stdlib_noniso.h
Stream.cpp
Stream.h
StreamString.cpp
StreamString.h
Udp.h
WCharacter.h
wiring_private.h
wiring_pulse.c
wiring_shift.c
WMath.cpp
WString.cpp
WString.h

./hardware/espressif/esp32/cores/esp32/libb64:
AUTHORS
cdecode.c
cdecode.h
cencode.c
cencode.h
LICENSE

./hardware/espressif/esp32/docs:
arduino-ide
esp32_pinmap.png
esp-idf_component.md
ISSUE_TEMPLATE.md
make.md
platformio.md

./hardware/espressif/esp32/docs/arduino-ide:
debian_ubuntu.md
fedora.md
mac.md
windows.md
win-screenshots

./hardware/espressif/esp32/docs/arduino-ide/win-screenshots:
arduino-ide.png
win-gui-1.png
win-gui-2.png
win-gui-3.png
win-gui-4.png
win-gui-5.png
win-gui-update-1.png
win-gui-update-2.png

./hardware/espressif/esp32/libraries:
ArduinoOTA
BLE
EEPROM
ESP32
ESPmDNS
FS
HTTPClient
Preferences
SD
SD_MMC
SimpleBLE
SPI
SPIFFS
Update
WiFi
WiFiClientSecure
Wire

./hardware/espressif/esp32/libraries/ArduinoOTA:
examples
keywords.txt
library.properties
src

./hardware/espressif/esp32/libraries/ArduinoOTA/examples:
BasicOTA

./hardware/espressif/esp32/libraries/ArduinoOTA/examples/BasicOTA:
BasicOTA.ino

./hardware/espressif/esp32/libraries/ArduinoOTA/src:
ArduinoOTA.cpp
ArduinoOTA.h

./hardware/espressif/esp32/libraries/BLE:
examples
library.properties
README.md
src

./hardware/espressif/esp32/libraries/BLE/examples:
BLE_client
BLE_notify
BLE_scan
BLE_server
BLE_uart
BLE_write

./hardware/espressif/esp32/libraries/BLE/examples/BLE_client:
BLE_client.ino

./hardware/espressif/esp32/libraries/BLE/examples/BLE_notify:
BLE_notify.ino

./hardware/espressif/esp32/libraries/BLE/examples/BLE_scan:
BLE_scan.ino

./hardware/espressif/esp32/libraries/BLE/examples/BLE_server:
BLE_server.ino

./hardware/espressif/esp32/libraries/BLE/examples/BLE_uart:
BLE_uart.ino

./hardware/espressif/esp32/libraries/BLE/examples/BLE_write:
BLE_write.ino

./hardware/espressif/esp32/libraries/BLE/src:
BLE2902.cpp
BLE2902.h
BLEAddress.cpp
BLEAddress.h
BLEAdvertisedDevice.cpp
BLEAdvertisedDevice.h
BLEAdvertising.cpp
BLEAdvertising.h
BLECharacteristicCallbacks.cpp
BLECharacteristic.cpp
BLECharacteristic.h
BLECharacteristicMap.cpp
BLEClient.cpp
BLEClient.h
BLEDescriptor.cpp
BLEDescriptor.h
BLEDescriptorMap.cpp
BLEDevice.cpp
BLEDevice.h
BLERemoteCharacteristic.cpp
BLERemoteCharacteristic.h
BLERemoteDescriptor.cpp
BLERemoteDescriptor.h
BLERemoteService.cpp
BLERemoteService.h
BLEScan.cpp
BLEScan.h
BLEServer.cpp
BLEServer.h
BLEService.cpp
BLEService.h
BLEServiceMap.cpp
BLEUtils.cpp
BLEUtils.h
BLEUUID.cpp
BLEUUID.h
BLEValue.cpp
BLEValue.h
FreeRTOS.cpp
FreeRTOS.h
GeneralUtils.cpp
GeneralUtils.h

./hardware/espressif/esp32/libraries/EEPROM:
EEPROM.cpp
EEPROM.h
examples
keywords.txt
library.properties

./hardware/espressif/esp32/libraries/EEPROM/examples:
eeprom_write

./hardware/espressif/esp32/libraries/EEPROM/examples/eeprom_write:
eeprom_write.ino

./hardware/espressif/esp32/libraries/ESP32:
examples
library.properties
src

./hardware/espressif/esp32/libraries/ESP32/examples:
AnalogOut
ChipID
DeepSleep
HallSensor
ResetReason
Timer
Touch

./hardware/espressif/esp32/libraries/ESP32/examples/AnalogOut:
LEDCSoftwareFade
SigmaDelta

./hardware/espressif/esp32/libraries/ESP32/examples/AnalogOut/LEDCSoftwareFade:
LEDCSoftwareFade.ino

./hardware/espressif/esp32/libraries/ESP32/examples/AnalogOut/SigmaDelta:
SigmaDelta.ino

./hardware/espressif/esp32/libraries/ESP32/examples/ChipID:
GetChipID

./hardware/espressif/esp32/libraries/ESP32/examples/ChipID/GetChipID:
GetChipID.ino

./hardware/espressif/esp32/libraries/ESP32/examples/DeepSleep:
ExternalWakeUp
TimerWakeUp
TouchWakeUp

./hardware/espressif/esp32/libraries/ESP32/examples/DeepSleep/ExternalWakeUp:
ExternalWakeUp.ino

./hardware/espressif/esp32/libraries/ESP32/examples/DeepSleep/TimerWakeUp:
TimerWakeUp.ino

./hardware/espressif/esp32/libraries/ESP32/examples/DeepSleep/TouchWakeUp:
TouchWakeUp.ino

./hardware/espressif/esp32/libraries/ESP32/examples/HallSensor:
HallSensor.ino

./hardware/espressif/esp32/libraries/ESP32/examples/ResetReason:
ResetReason.ino

./hardware/espressif/esp32/libraries/ESP32/examples/Timer:
RepeatTimer

./hardware/espressif/esp32/libraries/ESP32/examples/Timer/RepeatTimer:
RepeatTimer.ino

./hardware/espressif/esp32/libraries/ESP32/examples/Touch:
TouchInterrupt
TouchRead

./hardware/espressif/esp32/libraries/ESP32/examples/Touch/TouchInterrupt:
TouchInterrupt.ino

./hardware/espressif/esp32/libraries/ESP32/examples/Touch/TouchRead:
TouchRead.ino

./hardware/espressif/esp32/libraries/ESP32/src:
dummy.h

./hardware/espressif/esp32/libraries/ESPmDNS:
examples
keywords.txt
library.properties
src

./hardware/espressif/esp32/libraries/ESPmDNS/examples:
mDNS-SD_Extended
mDNS_Web_Server

./hardware/espressif/esp32/libraries/ESPmDNS/examples/mDNS-SD_Extended:
mDNS-SD_Extended.ino

./hardware/espressif/esp32/libraries/ESPmDNS/examples/mDNS_Web_Server:
mDNS_Web_Server.ino

./hardware/espressif/esp32/libraries/ESPmDNS/src:
ESPmDNS.cpp
ESPmDNS.h

./hardware/espressif/esp32/libraries/FS:
library.properties
src

./hardware/espressif/esp32/libraries/FS/src:
FS.cpp
FS.h
FSImpl.h
vfs_api.cpp
vfs_api.h

./hardware/espressif/esp32/libraries/HTTPClient:
examples
library.properties
src

./hardware/espressif/esp32/libraries/HTTPClient/examples:
Authorization
BasicHttpClient
ReuseConnection
StreamHttpClient

./hardware/espressif/esp32/libraries/HTTPClient/examples/Authorization:
Authorization.ino

./hardware/espressif/esp32/libraries/HTTPClient/examples/BasicHttpClient:
BasicHttpClient.ino

./hardware/espressif/esp32/libraries/HTTPClient/examples/ReuseConnection:
ReuseConnection.ino

./hardware/espressif/esp32/libraries/HTTPClient/examples/StreamHttpClient:
StreamHttpClient.ino

./hardware/espressif/esp32/libraries/HTTPClient/src:
HTTPClient.cpp
HTTPClient.h

./hardware/espressif/esp32/libraries/Preferences:
examples
keywords.txt
library.properties
src

./hardware/espressif/esp32/libraries/Preferences/examples:
StartCounter

./hardware/espressif/esp32/libraries/Preferences/examples/StartCounter:
StartCounter.ino

./hardware/espressif/esp32/libraries/Preferences/src:
Preferences.cpp
Preferences.h

./hardware/espressif/esp32/libraries/SD:
examples
library.properties
README.md
src

./hardware/espressif/esp32/libraries/SD/examples:
SD_Test

./hardware/espressif/esp32/libraries/SD/examples/SD_Test:
SD_Test.ino

./hardware/espressif/esp32/libraries/SD/src:
SD.cpp
sd_defines.h
sd_diskio.cpp
sd_diskio_crc.c
sd_diskio.h
SD.h

./hardware/espressif/esp32/libraries/SD_MMC:
examples
library.properties
src

./hardware/espressif/esp32/libraries/SD_MMC/examples:
SDMMC_Test

./hardware/espressif/esp32/libraries/SD_MMC/examples/SDMMC_Test:
SDMMC_Test.ino

./hardware/espressif/esp32/libraries/SD_MMC/src:
sd_defines.h
SD_MMC.cpp
SD_MMC.h

./hardware/espressif/esp32/libraries/SimpleBLE:
examples
library.properties
src

./hardware/espressif/esp32/libraries/SimpleBLE/examples:
SimpleBleDevice

./hardware/espressif/esp32/libraries/SimpleBLE/examples/SimpleBleDevice:
SimpleBleDevice.ino

./hardware/espressif/esp32/libraries/SimpleBLE/src:
SimpleBLE.cpp
SimpleBLE.h

./hardware/espressif/esp32/libraries/SPI:
keywords.txt
library.properties
src

./hardware/espressif/esp32/libraries/SPI/src:
SPI.cpp
SPI.h

./hardware/espressif/esp32/libraries/SPIFFS:
examples
library.properties
src

./hardware/espressif/esp32/libraries/SPIFFS/examples:
SPIFFS_Test

./hardware/espressif/esp32/libraries/SPIFFS/examples/SPIFFS_Test:
SPIFFS_Test.ino

./hardware/espressif/esp32/libraries/SPIFFS/src:
SPIFFS.cpp
SPIFFS.h

./hardware/espressif/esp32/libraries/Update:
examples
keywords.txt
library.properties
src

./hardware/espressif/esp32/libraries/Update/examples:
AWS_S3_OTA_Update

./hardware/espressif/esp32/libraries/Update/examples/AWS_S3_OTA_Update:
AWS_S3_OTA_Update.ino
StartCounter.ino.bin

./hardware/espressif/esp32/libraries/Update/src:
Update.h
Updater.cpp

./hardware/espressif/esp32/libraries/WiFi:
examples
keywords.txt
library.properties
src

./hardware/espressif/esp32/libraries/WiFi/examples:
ETH_LAN8720
ETH_TLK110
SimpleWiFiServer
WiFiBlueToothSwitch
WiFiClient
WiFiClientBasic
WiFiClientEvents
WiFiClientStaticIP
WiFiIPv6
WiFiMulti
WiFiScan
WiFiSmartConfig
WiFiTelnetToSerial
WiFiUDPClient
WPS

./hardware/espressif/esp32/libraries/WiFi/examples/ETH_LAN8720:
ETH_LAN8720.ino

./hardware/espressif/esp32/libraries/WiFi/examples/ETH_TLK110:
ETH_TLK110.ino

./hardware/espressif/esp32/libraries/WiFi/examples/SimpleWiFiServer:
SimpleWiFiServer.ino

./hardware/espressif/esp32/libraries/WiFi/examples/WiFiBlueToothSwitch:
WiFiBlueToothSwitch.ino

./hardware/espressif/esp32/libraries/WiFi/examples/WiFiClient:
WiFiClient.ino

./hardware/espressif/esp32/libraries/WiFi/examples/WiFiClientBasic:
WiFiClientBasic.ino

./hardware/espressif/esp32/libraries/WiFi/examples/WiFiClientEvents:
WiFiClientEvents.ino

./hardware/espressif/esp32/libraries/WiFi/examples/WiFiClientStaticIP:
WiFiClientStaticIP.ino

./hardware/espressif/esp32/libraries/WiFi/examples/WiFiIPv6:
WiFiIPv6.ino

./hardware/espressif/esp32/libraries/WiFi/examples/WiFiMulti:
WiFiMulti.ino

./hardware/espressif/esp32/libraries/WiFi/examples/WiFiScan:
WiFiScan.ino

./hardware/espressif/esp32/libraries/WiFi/examples/WiFiSmartConfig:
WiFiSmartConfig.ino

./hardware/espressif/esp32/libraries/WiFi/examples/WiFiTelnetToSerial:
WiFiTelnetToSerial.ino

./hardware/espressif/esp32/libraries/WiFi/examples/WiFiUDPClient:
udp_server.py
udp_server.rb
WiFiUDPClient.ino

./hardware/espressif/esp32/libraries/WiFi/examples/WPS:
README.md
WPS.ino

./hardware/espressif/esp32/libraries/WiFi/src:
ETH.cpp
ETH.h
WiFiAP.cpp
WiFiAP.h
WiFiClient.cpp
WiFiClient.h
WiFi.cpp
WiFiGeneric.cpp
WiFiGeneric.h
WiFi.h
WiFiMulti.cpp
WiFiMulti.h
WiFiScan.cpp
WiFiScan.h
WiFiServer.cpp
WiFiServer.h
WiFiSTA.cpp
WiFiSTA.h
WiFiType.h
WiFiUdp.cpp
WiFiUdp.h

./hardware/espressif/esp32/libraries/WiFiClientSecure:
examples
keywords.txt
library.properties
src

./hardware/espressif/esp32/libraries/WiFiClientSecure/examples:
WiFiClientSecure

./hardware/espressif/esp32/libraries/WiFiClientSecure/examples/WiFiClientSecure:
WiFiClientSecure.ino

./hardware/espressif/esp32/libraries/WiFiClientSecure/src:
ssl_client.cpp
ssl_client.h
WiFiClientSecure.cpp
WiFiClientSecure.h

./hardware/espressif/esp32/libraries/Wire:
keywords.txt
library.properties
src

./hardware/espressif/esp32/libraries/Wire/src:
Wire.cpp
Wire.h

./hardware/espressif/esp32/package:
package_esp32_index.template.json

./hardware/espressif/esp32/tools:
build.py
common.sh
dist
espota.exe
espota.py
esptool.py
gen_esp32part.exe
gen_esp32part.py
get.exe
get.py
mkspiffs
partitions
platformio-build.py
sdk
xtensa-esp32-elf

./hardware/espressif/esp32/tools/dist:
mkspiffs-0.2.1-linux64.tar.gz
xtensa-esp32-elf-linux64-1.22.0-61-gab8375a-5.2.0.tar.gz
xtensa-esp32-elf-linux64-1.22.0-73-ge28a011-5.2.0.tar.gz

./hardware/espressif/esp32/tools/mkspiffs:
mkspiffs

./hardware/espressif/esp32/tools/partitions:
boot_app0.bin
default.bin
default.csv
minimal.csv

./hardware/espressif/esp32/tools/sdk:
bin
include
ld
lib
sdkconfig

./hardware/espressif/esp32/tools/sdk/bin:
bootloader.bin
bootloader_qio.bin

./hardware/espressif/esp32/tools/sdk/include:
app_trace
app_update
bluedroid
bootloader_support
bt
coap
config
console
driver
esp32
esp_adc_cal
ethernet
expat
fatfs
freertos
heap
jsmn
json
log
lwip
mbedtls
mbedtls_port
mdns
newlib
nghttp
nvs_flash
openssl
sdmmc
soc
spiffs
spi_flash
tcpip_adapter
ulp
vfs
wear_levelling
wpa_supplicant
xtensa-debug-module

./hardware/espressif/esp32/tools/sdk/include/app_trace:
esp_ota_ops.h

./hardware/espressif/esp32/tools/sdk/include/app_update:
esp_ota_ops.h

./hardware/espressif/esp32/tools/sdk/include/bluedroid:
a2d_api.h
a2d_int.h
a2d_sbc.h
aes.h
alarm.h
allocator.h
avct_api.h
avct_defs.h
avct_int.h
avdt_api.h
avdtc_api.h
avdt_defs.h
avdt_int.h
avrc_api.h
avrc_defs.h
avrc_int.h
bdaddr.h
blufi_int.h
bta_api.h
bta_ar_api.h
bta_av_api.h
bta_av_ci.h
bta_av_co.h
bta_av_sbc.h
bta_dm_ci.h
bta_dm_co.h
bta_gatt_api.h
bta_gattc_ci.h
bta_gattc_co.h
bta_gattc_int.h
bta_gatt_common.h
bta_gatts_co.h
bta_gatts_int.h
bta_hh_api.h
bta_hh_co.h
bta_sdp_api.h
bta_sys.h
bta_sys_int.h
btc_alarm.h
btc_av_api.h
btc_av_co.h
btc_av.h
btc_avrc.h
btc_ble_storage.h
btc_blufi_prf.h
btc_common.h
btc_config.h
btc_dev.h
btc_dm.h
btc_gap_ble.h
btc_gap_bt.h
btc_gattc.h
btc_gatts.h
btc_gatt_util.h
btc_main.h
btc_manage.h
btc_media.h
bt_common_types.h
btc_profile_queue.h
btc_sm.h
btc_storage.h
btc_task.h
btc_util.h
bt_defs.h
bte_appl.h
bte.h
btm_api.h
btm_ble_api.h
btm_ble_int.h
btm_int.h
bt_sdp.h
bt_target.h
bt_trace.h
bt_types.h
btu.h
bt_utils.h
bt_vendor_lib.h
buffer_allocator.h
buffer.h
button_pro.h
config.h
controller.h
device_features.h
dis_api.h
dyn_mem.h
esp_a2dp_api.h
esp_avrc_api.h
esp_blufi_api.h
esp_bt_defs.h
esp_bt_device.h
esp_bt_main.h
esp_gap_ble_api.h
esp_gap_bt_api.h
esp_gattc_api.h
esp_gatt_common_api.h
esp_gatt_defs.h
esp_gatts_api.h
esp_sec_api.h
event_mask.h
fixed_queue.h
future.h
gap_api.h
gap_int.h
gatt_api.h
gattdefs.h
gatt_int.h
hash_functions.h
hash_map.h
hcidefs.h
hci_hal.h
hci_internals.h
hci_layer.h
hcimsgs.h
hci_packet_factory.h
hci_packet_parser.h
hid_conn.h
hiddefs.h
hidh_api.h
hidh_int.h
hid_le_prf.h
interop_database.h
interop.h
l2cap_client.h
l2c_api.h
l2cdefs.h
l2c_int.h
list.h
mutex.h
oi_assert.h
oi_bitstream.h
oi_bt_spec.h
oi_codec_sbc.h
oi_codec_sbc_private.h
oi_common.h
oi_cpu_dep.h
oi_modules.h
oi_osinterface.h
oi_status.h
oi_stddefs.h
oi_string.h
oi_time.h
oi_utils.h
osi.h
p_256_ecc_pp.h
p_256_multprecision.h
packet_fragmenter.h
port_api.h
port_ext.h
port_int.h
profiles_api.h
rfcdefs.h
rfc_int.h
sbc_dct.h
sbc_enc_func_declare.h
sbc_encoder.h
sbc_if.h
sbc_types.h
sdp_api.h
sdpdefs.h
sdpint.h
semaphore.h
smp_api.h
smp_int.h
srvc_api.h
srvc_battery_int.h
srvc_dis_int.h
thread.h
utl.h
version.h
wx_airsync_prf.h

./hardware/espressif/esp32/tools/sdk/include/bootloader_support:
esp_efuse.h
esp_flash_encrypt.h
esp_flash_partitions.h
esp_image_format.h
esp_secure_boot.h

./hardware/espressif/esp32/tools/sdk/include/bt:
bt.h

./hardware/espressif/esp32/tools/sdk/include/coap:
coap
coap_config.h
coap_config_posix.h

./hardware/espressif/esp32/tools/sdk/include/coap/coap:
address.h
async.h
bits.h
block.h
coap.h
coap.h.in
coap_io.h
coap_time.h
debug.h
encode.h
hashkey.h
libcoap.h
lwippools.h
mem.h
net.h
option.h
pdu.h
prng.h
resource.h
str.h
subscribe.h
uri.h
uthash.h
utlist.h

./hardware/espressif/esp32/tools/sdk/include/config:
sdkconfig.h

./hardware/espressif/esp32/tools/sdk/include/console:
argtable3
esp_console.h
linenoise

./hardware/espressif/esp32/tools/sdk/include/console/argtable3:
argtable3.h

./hardware/espressif/esp32/tools/sdk/include/console/linenoise:
linenoise.h

./hardware/espressif/esp32/tools/sdk/include/driver:
driver

./hardware/espressif/esp32/tools/sdk/include/driver/driver:
adc.h
dac.h
gpio.h
i2c.h
i2s.h
ledc.h
mcpwm.h
pcnt.h
periph_ctrl.h
rmt.h
rtc_cntl.h
rtc_io.h
sdmmc_defs.h
sdmmc_host.h
sdmmc_types.h
sdspi_host.h
sigmadelta.h
spi_common.h
spi_master.h
spi_slave.h
timer.h
touch_pad.h
uart.h

./hardware/espressif/esp32/tools/sdk/include/esp32:
esp32
esp_assert.h
esp_attr.h
esp_brownout.h
esp_cache_err_int.h
esp_clk.h
esp_coexist.h
esp_core_dump.h
esp_crosscore_int.h
esp_deep_sleep.h
esp_deepsleep.h
esp_dport_access.h
esp_err.h
esp_event.h
esp_event_loop.h
esp_flash_data_types.h
esp_freertos_hooks.h
esp_gdbstub.h
esp_interface.h
esp_intr_alloc.h
esp_intr.h
esp_int_wdt.h
esp_ipc.h
esp_now.h
esp_panic.h
esp_phy_init.h
esp_pm.h
esp_sleep.h
esp_smartconfig.h
esp_spiram.h
esp_ssc.h
esp_system.h
esp_task.h
esp_task_wdt.h
esp_timer.h
esp_types.h
esp_wifi_crypto_types.h
esp_wifi.h
esp_wifi_internal.h
esp_wifi_types.h
esp_wpa2.h
esp_wps.h
hwcrypto
rom
xtensa

./hardware/espressif/esp32/tools/sdk/include/esp32/esp32:
pm.h

./hardware/espressif/esp32/tools/sdk/include/esp32/hwcrypto:
aes.h
sha.h

./hardware/espressif/esp32/tools/sdk/include/esp32/rom:
aes.h
bigint.h
cache.h
crc.h
efuse.h
ets_sys.h
gpio.h
libc_stubs.h
lldesc.h
md5_hash.h
miniz.h
queue.h
rtc.h
secure_boot.h
sha.h
spi_flash.h
tbconsole.h
tjpgd.h
uart.h

./hardware/espressif/esp32/tools/sdk/include/esp32/xtensa:
board.h
c6x-compat.h
cacheasm.h
cacheattrasm.h
config
coreasm.h
corebits.h
core-macros.h
debugfs.h
feedback.h
gdbio.h
hal.h
jtag-xtensa.h
lcd-splc780d-4bitmode-board.h
lcd-splc780d-4bitmode.h
lcd-splc780d.h
overlay.h
overlay_os_asm.h
simboard.h
simcall-errno.h
simcall-fcntl.h
simcall.h
sim.h
specreg.h
tie
trax-api.h
trax-core-config.h
traxfile.h
trax.h
trax-proto.h
traxreg.h
trax-util.h
uart-16550-board.h
uart-16550.h
udma.h
xdm-regs.h
xmon.h
xmp-library.h
xos_common.h
xos_cond.h
xos_errors.h
xos_event.h
xos.h
xos_internal.h
xos_msgq.h
xos_mutex.h
xos_params.h
xos_regaccess.h
xos_semaphore.h
xos_stopwatch.h
xos_syslog.h
xos_thread.h
xos_timer.h
xos_types.h
xtav110
xtav110.h
xtav200
xtav200.h
xtav60
xtav60.h
xtbsp.h
xtensa-libdb-macros.h
xtensa-versions.h
xtensa-xer.h
xtkc705
xtkc705.h
xtload-api.h
xtml605
xtml605.h
xt_perf_consts.h
xt_perfmon.h
xt_profiling.h
xt_reftb.h
xtruntime-core-state.h
xtruntime-frames.h
xtruntime.h
xtutil.h

./hardware/espressif/esp32/tools/sdk/include/esp32/xtensa/config:
core.h
core-isa.h
core-matmap.h
defs.h
specreg.h
system.h
tie-asm.h
tie.h

./hardware/espressif/esp32/tools/sdk/include/esp32/xtensa/tie:
xt_booleans.h
xt_coprocessors.h
xt_core.h
xt_debug.h
xt_density.h
xt_DFP_assist.h
xt_exceptions.h
xt_externalregisters.h
xt_FP.h
xt_integerdivide.h
xt_interrupt.h
xt_ioports.h
xt_MAC16.h
xt_misc.h
xt_mmu.h
xt_MUL32.h
xt_mul.h
xt_regwin.h
xt_scmpr.h
xt_sync.h
xt_timer.h
xt_trace.h

./hardware/espressif/esp32/tools/sdk/include/esp32/xtensa/xtav110:
xtensa

./hardware/espressif/esp32/tools/sdk/include/esp32/xtensa/xtav110/xtensa:
board.h

./hardware/espressif/esp32/tools/sdk/include/esp32/xtensa/xtav200:
xtensa

./hardware/espressif/esp32/tools/sdk/include/esp32/xtensa/xtav200/xtensa:
board.h

./hardware/espressif/esp32/tools/sdk/include/esp32/xtensa/xtav60:
xtensa

./hardware/espressif/esp32/tools/sdk/include/esp32/xtensa/xtav60/xtensa:
board.h
lcd-splc780d-board.h

./hardware/espressif/esp32/tools/sdk/include/esp32/xtensa/xtkc705:
xtensa

./hardware/espressif/esp32/tools/sdk/include/esp32/xtensa/xtkc705/xtensa:
board.h

./hardware/espressif/esp32/tools/sdk/include/esp32/xtensa/xtml605:
xtensa

./hardware/espressif/esp32/tools/sdk/include/esp32/xtensa/xtml605/xtensa:
board.h

./hardware/espressif/esp32/tools/sdk/include/esp_adc_cal:
esp_adc_cal.h

./hardware/espressif/esp32/tools/sdk/include/ethernet:
esp_eth.h
eth_phy

./hardware/espressif/esp32/tools/sdk/include/ethernet/eth_phy:
phy.h
phy_lan8720.h
phy_reg.h
phy_tlk110.h

./hardware/espressif/esp32/tools/sdk/include/expat:
ascii.h
asciitab.h
chardata.h
expat_config.h
expat_external.h
expat.h
iasciitab.h
internal.h
latin1tab.h
minicheck.h
nametab.h
utf8tab.h
xmlrole.h
xmltok.h
xmltok_impl.h

./hardware/espressif/esp32/tools/sdk/include/fatfs:
diskio.h
diskio_spiflash.h
esp_vfs_fat.h
ffconf.h
ff.h
integer.h

./hardware/espressif/esp32/tools/sdk/include/freertos:
freertos

./hardware/espressif/esp32/tools/sdk/include/freertos/freertos:
croutine.h
deprecated_definitions.h
event_groups.h
FreeRTOSConfig.h
FreeRTOS.h
list.h
mpu_wrappers.h
portable.h
portbenchmark.h
portmacro.h
porttrace.h
projdefs.h
queue.h
ringbuf.h
semphr.h
StackMacros.h
task.h
timers.h
xtensa_api.h
xtensa_config.h
xtensa_context.h
xtensa_rtos.h
xtensa_timer.h

./hardware/espressif/esp32/tools/sdk/include/heap:
esp_heap_alloc_caps.h
esp_heap_caps.h
esp_heap_caps_init.h
esp_heap_trace.h
multi_heap.h

./hardware/espressif/esp32/tools/sdk/include/jsmn:
jsmn.h

./hardware/espressif/esp32/tools/sdk/include/json:
cJSON.h
cJSON_Utils.h

./hardware/espressif/esp32/tools/sdk/include/log:
esp_log.h
esp_log_internal.h

./hardware/espressif/esp32/tools/sdk/include/lwip:
apps
arch
arpa
lwip
lwipopts.h
netdb.h
netif
netinet
port
posix
sys

./hardware/espressif/esp32/tools/sdk/include/lwip/apps:
dhcpserver.h
dhcpserver_options.h
sntp

./hardware/espressif/esp32/tools/sdk/include/lwip/apps/sntp:
sntp.h
sntp_opts.h

./hardware/espressif/esp32/tools/sdk/include/lwip/arch:
cc.h
perf.h
sys_arch.h
vfs_lwip.h

./hardware/espressif/esp32/tools/sdk/include/lwip/arpa:
inet.h

./hardware/espressif/esp32/tools/sdk/include/lwip/lwip:
api.h
arch.h
autoip.h
debug.h
def.h
dhcp6.h
dhcp.h
dns.h
err.h
ethip6.h
icmp6.h
icmp.h
igmp.h
inet_chksum.h
inet.h
init.h
ip4_addr.h
ip4.h
ip6_addr.h
ip6_frag.h
ip6.h
ip_addr.h
ip_frag.h
ip.h
lwip_debug.h
mem.h
memp.h
mld6.h
nd6.h
netbuf.h
netdb.h
netifapi.h
netif.h
opt.h
pbuf.h
pppapi.h
priv
raw.h
sio.h
snmp.h
sockets.h
stats.h
sys.h
tcp.h
tcpip.h
timers.h
udp.h

./hardware/espressif/esp32/tools/sdk/include/lwip/lwip/priv:
api_msg.h
memp_priv.h
memp_std.h
tcpip_priv.h
tcp_priv.h

./hardware/espressif/esp32/tools/sdk/include/lwip/netif:
etharp.h
ethernet.h
ethernetif.h
lowpan6.h
lowpan6_opts.h
ppp
slipif.h
wlanif.h

./hardware/espressif/esp32/tools/sdk/include/lwip/netif/ppp:
ccp.h
chap-md5.h
chap_ms.h
chap-new.h
eap.h
ecp.h
eui64.h
fsm.h
ipcp.h
ipv6cp.h
lcp.h
magic.h
mppe.h
polarssl
pppcrypt.h
pppdebug.h
ppp.h
ppp_impl.h
pppoe.h
pppol2tp.h
pppos.h
upap.h
vj.h

./hardware/espressif/esp32/tools/sdk/include/lwip/netif/ppp/polarssl:
arc4.h
des.h
md4.h
md5.h
sha1.h

./hardware/espressif/esp32/tools/sdk/include/lwip/netinet:
in.h

./hardware/espressif/esp32/tools/sdk/include/lwip/port:
arch
arpa
lwipopts.h
netif
netinet

./hardware/espressif/esp32/tools/sdk/include/lwip/port/arch:
cc.h
perf.h
sys_arch.h

./hardware/espressif/esp32/tools/sdk/include/lwip/port/arpa:
inet.h

./hardware/espressif/esp32/tools/sdk/include/lwip/port/netif:
ethernetif.h
wlanif.h

./hardware/espressif/esp32/tools/sdk/include/lwip/port/netinet:
in.h

./hardware/espressif/esp32/tools/sdk/include/lwip/posix:
netdb.h
sys

./hardware/espressif/esp32/tools/sdk/include/lwip/posix/sys:
socket.h

./hardware/espressif/esp32/tools/sdk/include/lwip/sys:
socket.h

./hardware/espressif/esp32/tools/sdk/include/mbedtls:
mbedtls

./hardware/espressif/esp32/tools/sdk/include/mbedtls/mbedtls:
aes.h
aesni.h
arc4.h
asn1.h
asn1write.h
base64.h
bignum.h
blowfish.h
bn_mul.h
camellia.h
ccm.h
certs.h
check_config.h
cipher.h
cipher_internal.h
cmac.h
compat-1.3.h
config.h
ctr_drbg.h
debug.h
des.h
dhm.h
ecdh.h
ecdsa.h
ecjpake.h
ecp.h
ecp_internal.h
entropy.h
entropy_poll.h
error.h
gcm.h
havege.h
hmac_drbg.h
md2.h
md4.h
md5.h
md.h
md_internal.h
memory_buffer_alloc.h
net.h
net_sockets.h
oid.h
padlock.h
pem.h
pkcs11.h
pkcs12.h
pkcs5.h
pk.h
pk_internal.h
platform.h
platform_time.h
ripemd160.h
rsa.h
sha1.h
sha256.h
sha512.h
ssl_cache.h
ssl_ciphersuites.h
ssl_cookie.h
ssl.h
ssl_internal.h
ssl_ticket.h
threading.h
timing.h
version.h
x509_crl.h
x509_crt.h
x509_csr.h
x509.h
xtea.h

./hardware/espressif/esp32/tools/sdk/include/mbedtls_port:
aes_alt.h
mbedtls
sha1_alt.h
sha256_alt.h
sha512_alt.h

./hardware/espressif/esp32/tools/sdk/include/mbedtls_port/mbedtls:
bignum.h
config.h
esp_config.h
esp_debug.h

./hardware/espressif/esp32/tools/sdk/include/mdns:
mdns.h

./hardware/espressif/esp32/tools/sdk/include/newlib:
alloca.h
_ansi.h
argz.h
ar.h
assert.h
complex.h
config.h
ctype.h
dirent.h
envlock.h
envz.h
errno.h
esp_newlib.h
fastmath.h
fcntl.h
fenv.h
fnmatch.h
getopt.h
glob.h
grp.h
iconv.h
ieeefp.h
inttypes.h
langinfo.h
libgen.h
limits.h
locale.h
machine
malloc.h
math.h
newlib.h
paths.h
pthread.h
pwd.h
reent.h
regdef.h
regex.h
sched.h
search.h
setjmp.h
signal.h
spawn.h
stdatomic.h
stdint.h
stdio_ext.h
stdio.h
stdlib.h
string.h
strings.h
sys
_syslist.h
tar.h
termios.h
tgmath.h
time.h
unctrl.h
unistd.h
utime.h
utmp.h
wchar.h
wctype.h
wordexp.h
xtensa

./hardware/espressif/esp32/tools/sdk/include/newlib/machine:
ansi.h
_default_types.h
endian.h
fastmath.h
ieeefp.h
malloc.h
param.h
setjmp-dj.h
setjmp.h
stdlib.h
termios.h
time.h
_types.h
types.h

./hardware/espressif/esp32/tools/sdk/include/newlib/sys:
cdefs.h
config.h
custom_file.h
_default_fcntl.h
dir.h
errno.h
fcntl.h
features.h
file.h
iconvnls.h
_intsup.h
lock.h
param.h
queue.h
reent.h
resource.h
sched.h
signal.h
stat.h
stdio.h
string.h
syslimits.h
timeb.h
time.h
times.h
_types.h
types.h
unistd.h
utime.h
wait.h

./hardware/espressif/esp32/tools/sdk/include/newlib/xtensa:
config

./hardware/espressif/esp32/tools/sdk/include/newlib/xtensa/config:
core-isa.h

./hardware/espressif/esp32/tools/sdk/include/nghttp:
config.h
http_parser.h
nghttp2

./hardware/espressif/esp32/tools/sdk/include/nghttp/nghttp2:
asio_http2_client.h
asio_http2.h
asio_http2_server.h
nghttp2ver.h

./hardware/espressif/esp32/tools/sdk/include/nvs_flash:
nvs_flash.h
nvs.h

./hardware/espressif/esp32/tools/sdk/include/openssl:
internal
openssl
platform

./hardware/espressif/esp32/tools/sdk/include/openssl/internal:
ssl3.h
ssl_cert.h
ssl_code.h
ssl_dbg.h
ssl_lib.h
ssl_methods.h
ssl_pkey.h
ssl_stack.h
ssl_types.h
ssl_x509.h
tls1.h
x509_vfy.h

./hardware/espressif/esp32/tools/sdk/include/openssl/openssl:
ssl.h

./hardware/espressif/esp32/tools/sdk/include/openssl/platform:
ssl_opt.h
ssl_pm.h
ssl_port.h

./hardware/espressif/esp32/tools/sdk/include/sdmmc:
sdmmc_cmd.h

./hardware/espressif/esp32/tools/sdk/include/soc:
soc

./hardware/espressif/esp32/tools/sdk/include/soc/soc:
adc_channel.h
apb_ctrl_reg.h
apb_ctrl_struct.h
bb_reg.h
boot_mode.h
clkout_channel.h
cpu.h
dac_channel.h
dport_access.h
dport_reg.h
efuse_reg.h
emac_ex_reg.h
emac_reg_v2.h
fe_reg.h
frc_timer_reg.h
gpio_reg.h
gpio_sd_reg.h
gpio_sd_struct.h
gpio_sig_map.h
gpio_struct.h
hwcrypto_reg.h
i2c_reg.h
i2c_struct.h
i2s_reg.h
i2s_struct.h
io_mux_reg.h
ledc_reg.h
ledc_struct.h
mcpwm_reg.h
mcpwm_struct.h
nrx_reg.h
pcnt_reg.h
pcnt_struct.h
pid.h
rmt_reg.h
rmt_struct.h
rtc_cntl_reg.h
rtc_cntl_struct.h
rtc_gpio_channel.h
rtc.h
rtc_io_reg.h
rtc_io_struct.h
sdmmc_reg.h
sdmmc_struct.h
sens_reg.h
sens_struct.h
soc.h
soc_ulp.h
spi_reg.h
spi_struct.h
syscon_reg.h
syscon_struct.h
timer_group_reg.h
timer_group_struct.h
touch_channel.h
uart_channel.h
uart_reg.h
uart_struct.h
uhci_reg.h
uhci_struct.h
wdev_reg.h

./hardware/espressif/esp32/tools/sdk/include/spiffs:
esp_spiffs.h
spiffs_config.h

./hardware/espressif/esp32/tools/sdk/include/spi_flash:
esp_partition.h
esp_spi_flash.h

./hardware/espressif/esp32/tools/sdk/include/tcpip_adapter:
tcpip_adapter.h

./hardware/espressif/esp32/tools/sdk/include/ulp:
esp32

./hardware/espressif/esp32/tools/sdk/include/ulp/esp32:
ulp.h

./hardware/espressif/esp32/tools/sdk/include/vfs:
esp_vfs_dev.h
esp_vfs.h
sys

./hardware/espressif/esp32/tools/sdk/include/vfs/sys:
dirent.h

./hardware/espressif/esp32/tools/sdk/include/wear_levelling:
wear_levelling.h

./hardware/espressif/esp32/tools/sdk/include/wpa_supplicant:
byteswap.h
crypto
endian.h
os.h
wpa
wpa2

./hardware/espressif/esp32/tools/sdk/include/wpa_supplicant/crypto:
aes.h
aes_i.h
aes_wrap.h
base64.h
common.h
crypto.h
dh_group5.h
dh_groups.h
includes.h
md5.h
md5_i.h
ms_funcs.h
random.h
sha1.h
sha1_i.h
sha256.h

./hardware/espressif/esp32/tools/sdk/include/wpa_supplicant/wpa:
ap_config.h
common.h
defs.h
eapol_common.h
hostapd.h
ieee80211_crypto.h
ieee802_11_defs.h
ieee802_1x.h
includes.h
list.h
sta_info.h
state_machine.h
wpa_auth.h
wpa_auth_ie.h
wpa_auth_i.h
wpabuf.h
wpa_common.h
wpa_debug.h
wpa.h
wpa_ie.h
wpa_i.h
wpas_glue.h

./hardware/espressif/esp32/tools/sdk/include/wpa_supplicant/wpa2:
eap_peer
tls
utils

./hardware/espressif/esp32/tools/sdk/include/wpa_supplicant/wpa2/eap_peer:
eap_common.h
eap_config.h
eap_defs.h
eap.h
eap_i.h
eap_tls_common.h
eap_tls.h

./hardware/espressif/esp32/tools/sdk/include/wpa_supplicant/wpa2/tls:
asn1.h
bignum.h
libtommath.h
pkcs1.h
pkcs5.h
pkcs8.h
rsa.h
tls.h
tlsv1_client.h
tlsv1_client_i.h
tlsv1_common.h
tlsv1_cred.h
tlsv1_record.h
tlsv1_server.h
tlsv1_server_i.h
x509v3.h

./hardware/espressif/esp32/tools/sdk/include/wpa_supplicant/wpa2/utils:
base64.h
ext_password.h
ext_password_i.h

./hardware/espressif/esp32/tools/sdk/include/xtensa-debug-module:
eri.h
trax.h
xtensa-debug-module.h

./hardware/espressif/esp32/tools/sdk/ld:
esp32.common.ld
esp32.ld
esp32_out.ld
esp32.peripherals.ld
esp32.rom.ld
esp32.rom.nanofmt.ld
esp32.rom.spiflash.ld
esp32.rom.spiram_incompatible_fns.ld
esp32.spiram.rom-functions-dram.ld
esp32.spiram.rom-functions-iram.ld

./hardware/espressif/esp32/tools/sdk/lib:
libapp_trace.a
libapp_update.a
libbootloader_support.a
libbt.a
libbtdm_app.a
libc.a
libc_nano.a
libcoap.a
libcoexist.a
libconsole.a
libcore.a
libcxx.a
libdriver.a
libesp32.a
libesp_adc_cal.a
libespnow.a
libethernet.a
libexpat.a
libfatfs.a
libfreertos.a
libhal.a
libheap.a
libjsmn.a
libjson.a
liblog.a
liblwip.a
libm.a
libmbedtls.a
libmdns.a
libmicro-ecc.a
libnet80211.a
libnewlib.a
libnghttp.a
libnvs_flash.a
libopenssl.a
libphy.a
libpp.a
libpthread.a
librtc.a
libsdmmc.a
libsmartconfig.a
libsoc.a
libspiffs.a
libspi_flash.a
libtcpip_adapter.a
libulp.a
libvfs.a
libwear_levelling.a
libwpa2.a
libwpa.a
libwpa_supplicant.a
libwps.a
libxtensa-debug-module.a

./hardware/espressif/esp32/tools/xtensa-esp32-elf:
bin
build.log.bz2
include
lib
libexec
share
xtensa-esp32-elf

./hardware/espressif/esp32/tools/xtensa-esp32-elf/bin:
xtensa-esp32-elf-addr2line
xtensa-esp32-elf-ar
xtensa-esp32-elf-as
xtensa-esp32-elf-c++
xtensa-esp32-elf-cc
xtensa-esp32-elf-c++filt
xtensa-esp32-elf-cpp
xtensa-esp32-elf-ct-ng.config
xtensa-esp32-elf-elfedit
xtensa-esp32-elf-g++
xtensa-esp32-elf-gcc
xtensa-esp32-elf-gcc-5.2.0
xtensa-esp32-elf-gcc-ar
xtensa-esp32-elf-gcc-nm
xtensa-esp32-elf-gcc-ranlib
xtensa-esp32-elf-gcov
xtensa-esp32-elf-gcov-tool
xtensa-esp32-elf-gdb
xtensa-esp32-elf-gprof
xtensa-esp32-elf-ld
xtensa-esp32-elf-ld.bfd
xtensa-esp32-elf-nm
xtensa-esp32-elf-objcopy
xtensa-esp32-elf-objdump
xtensa-esp32-elf-ranlib
xtensa-esp32-elf-readelf
xtensa-esp32-elf-size
xtensa-esp32-elf-strings
xtensa-esp32-elf-strip

./hardware/espressif/esp32/tools/xtensa-esp32-elf/include:
gdb

./hardware/espressif/esp32/tools/xtensa-esp32-elf/include/gdb:
jit-reader.h

./hardware/espressif/esp32/tools/xtensa-esp32-elf/lib:
gcc
ldscripts

./hardware/espressif/esp32/tools/xtensa-esp32-elf/lib/gcc:
xtensa-esp32-elf

./hardware/espressif/esp32/tools/xtensa-esp32-elf/lib/gcc/xtensa-esp32-elf:
5.2.0

./hardware/espressif/esp32/tools/xtensa-esp32-elf/lib/gcc/xtensa-esp32-elf/5.2.0:
crtbegin.o
crtend.o
crti.o
crtn.o
include
include-fixed
install-tools
libgcc.a
libgcov.a
plugin

./hardware/espressif/esp32/tools/xtensa-esp32-elf/lib/gcc/xtensa-esp32-elf/5.2.0/include:
float.h
iso646.h
stdalign.h
stdarg.h
stdatomic.h
stdbool.h
stddef.h
stdfix.h
stdint-gcc.h
stdint.h
stdnoreturn.h
tgmath.h
unwind.h
varargs.h

./hardware/espressif/esp32/tools/xtensa-esp32-elf/lib/gcc/xtensa-esp32-elf/5.2.0/include-fixed:
limits.h
README
syslimits.h

./hardware/espressif/esp32/tools/xtensa-esp32-elf/lib/gcc/xtensa-esp32-elf/5.2.0/install-tools:
fixinc_list
gsyslimits.h
include
macro_list
mkheaders.conf

./hardware/espressif/esp32/tools/xtensa-esp32-elf/lib/gcc/xtensa-esp32-elf/5.2.0/install-tools/include:
limits.h
README

./hardware/espressif/esp32/tools/xtensa-esp32-elf/lib/gcc/xtensa-esp32-elf/5.2.0/plugin:
gtype.state
include

./hardware/espressif/esp32/tools/xtensa-esp32-elf/lib/gcc/xtensa-esp32-elf/5.2.0/plugin/include:
ada
addresses.h
alias.h
alloc-pool.h
all-tree.def
ansidecl.h
asan.h
attribs.h
auto-host.h
auto-profile.h
basic-block.h
bb-reorder.h
b-header-vars
bitmap.h
builtin-attrs.def
builtins.def
builtins.h
builtin-types.def
bversion.h
calls.h
ccmp.h
c-family
cfganal.h
cfgbuild.h
cfgcleanup.h
cfgexpand.h
cfg-flags.def
cfg.h
cfghooks.h
cfgloop.h
cfgloopmanip.h
cfgrtl.h
cgraph.h
chkp-builtins.def
cif-code.def
cilk-builtins.def
cilk.h
cilkplus.def
collect2-aix.h
collect2.h
collect-utils.h
conditions.h
config
configargs.h
config.h
context.h
convert.h
coretypes.h
coverage.h
cp
cppbuiltin.h
cppdefault.h
cpplib.h
cselib.h
c-tree.h
data-streamer.h
dbgcnt.def
dbgcnt.h
dbxout.h
dce.h
ddg.h
debug.h
defaults.h
df.h
dfp.h
diagnostic-color.h
diagnostic-core.h
diagnostic.def
diagnostic.h
dojump.h
dominance.h
domwalk.h
double-int.h
dumpfile.h
dwarf2asm.h
dwarf2out.h
emit-rtl.h
errors.h
et-forest.h
except.h
explow.h
expmed.h
expr.h
fibonacci_heap.h
file-find.h
filenames.h
fixed-value.h
flags.h
flag-types.h
fold-const.h
function.h
gcc.h
gcc-plugin.h
gcc-symtab.h
gcov-counter.def
gcov-io.h
gcse-common.h
gcse.h
generic-match.h
gengtype.h
genrtl.h
gensupport.h
ggc.h
ggc-internal.h
gimple-builder.h
gimple.def
gimple-expr.h
gimple-fold.h
gimple.h
gimple-iterator.h
gimple-low.h
gimple-match.h
gimple-pretty-print.h
gimple-ssa.h
gimple-streamer.h
gimple-walk.h
gimplify.h
gimplify-me.h
glimits.h
graphds.h
graph.h
graphite-isl-ast-to-gimple.h
graphite-poly.h
graphite-scop-detection.h
graphite-sese-to-poly.h
gsstruct.def
gstab.h
gsyms.h
gsyslimits.h
gtm-builtins.def
gtype-desc.h
hard-reg-set.h
hash-map.h
hash-set.h
hashtab.h
hash-table.h
highlev-plugin-common.h
hooks.h
hosthooks-def.h
hosthooks.h
hw-doloop.h
hwint.h
ifcvt.h
inchash.h
incpath.h
input.h
insn-addr.h
insn-codes.h
insn-constants.h
insn-flags.h
insn-modes.h
insn-notes.def
internal-fn.def
internal-fn.h
intl.h
ipa-chkp.h
ipa-icf-gimple.h
ipa-icf.h
ipa-inline.h
ipa-prop.h
ipa-reference.h
ipa-ref.h
ipa-utils.h
ira.h
ira-int.h
is-a.h
java
langhooks-def.h
langhooks.h
lcm.h
libfuncs.h
libiberty.h
limitx.h
limity.h
line-map.h
loop-unroll.h
lower-subreg.h
lra.h
lra-int.h
lto-compress.h
lto-section-names.h
lto-streamer.h
machmode.def
machmode.h
md5.h
mode-classes.def
objc
obstack.h
omega.h
omp-builtins.def
omp-low.h
optabs.def
optabs.h
options.h
opts-diagnostic.h
opts.h
output.h
params.def
params.h
passes.def
pass-instances.def
pass_manager.h
plugin-api.h
plugin.def
plugin.h
plugin-version.h
predict.def
predict.h
prefix.h
pretty-print.h
print-rtl.h
print-tree.h
profile.h
read-md.h
real.h
realmpfr.h
recog.h
regcprop.h
reg-notes.def
regrename.h
regset.h
regs.h
reload.h
resource.h
rtl-chkp.h
rtl.def
rtl-error.h
rtl.h
rtlhash.h
rtlhooks-def.h
rtl-iter.h
safe-ctype.h
sanitizer.def
sbitmap.h
sched-int.h
sdbout.h
sel-sched-dump.h
sel-sched.h
sel-sched-ir.h
sese.h
shrink-wrap.h
signop.h
sparseset.h
splay-tree.h
sreal.h
ssa-iterators.h
stab.def
statistics.h
stmt.h
stor-layout.h
streamer-hooks.h
stringpool.h
symbol-summary.h
symtab.h
sync-builtins.def
system.h
target.def
target-def.h
target-globals.h
target.h
target-hooks-macros.h
targhooks.h
timevar.def
timevar.h
tm.h
tm_p.h
tm-preds.h
toplev.h
trans-mem.h
tree-affine.h
tree-browser.def
tree-cfgcleanup.h
tree-cfg.h
tree-check.h
tree-chkp.h
tree-chrec.h
tree-core.h
tree-data-ref.h
tree.def
tree-dfa.h
tree-diagnostic.h
tree-dump.h
tree-eh.h
tree.h
tree-hasher.h
tree-inline.h
tree-into-ssa.h
tree-iterator.h
tree-nested.h
tree-object-size.h
tree-outof-ssa.h
tree-parloops.h
tree-pass.h
tree-phinodes.h
tree-pretty-print.h
tree-scalar-evolution.h
tree-ssa-address.h
tree-ssa-alias.h
tree-ssa-coalesce.h
tree-ssa-dom.h
tree-ssa.h
tree-ssa-live.h
tree-ssa-loop.h
tree-ssa-loop-ivopts.h
tree-ssa-loop-manip.h
tree-ssa-loop-niter.h
tree-ssanames.h
tree-ssa-operands.h
tree-ssa-propagate.h
tree-ssa-sccvn.h
tree-ssa-ter.h
tree-ssa-threadedge.h
tree-ssa-threadupdate.h
tree-stdarg.h
tree-streamer.h
treestruct.def
tree-vectorizer.h
tsan.h
tsystem.h
typeclass.h
typed-splay-tree.h
ubsan.h
valtrack.h
value-prof.h
varasm.h
vec.h
version.h
vmsdbg.h
vtable-verify.h
wide-int.h
wide-int-print.h
xcoff.h
xcoffout.h

./hardware/espressif/esp32/tools/xtensa-esp32-elf/lib/gcc/xtensa-esp32-elf/5.2.0/plugin/include/ada:
gcc-interface

./hardware/espressif/esp32/tools/xtensa-esp32-elf/lib/gcc/xtensa-esp32-elf/5.2.0/plugin/include/ada/gcc-interface:
ada-tree.def

./hardware/espressif/esp32/tools/xtensa-esp32-elf/lib/gcc/xtensa-esp32-elf/5.2.0/plugin/include/c-family:
c-common.def
c-common.h
c-objc.h
c-pragma.h
c-pretty-print.h

./hardware/espressif/esp32/tools/xtensa-esp32-elf/lib/gcc/xtensa-esp32-elf/5.2.0/plugin/include/config:
dbxelf.h
elfos.h
initfini-array.h
newlib-stdint.h
xtensa

./hardware/espressif/esp32/tools/xtensa-esp32-elf/lib/gcc/xtensa-esp32-elf/5.2.0/plugin/include/config/xtensa:
elf.h
xtensa.h
xtensa-protos.h

./hardware/espressif/esp32/tools/xtensa-esp32-elf/lib/gcc/xtensa-esp32-elf/5.2.0/plugin/include/cp:
cp-tree.def
cp-tree.h
cxx-pretty-print.h
name-lookup.h
type-utils.h

./hardware/espressif/esp32/tools/xtensa-esp32-elf/lib/gcc/xtensa-esp32-elf/5.2.0/plugin/include/java:
java-tree.def

./hardware/espressif/esp32/tools/xtensa-esp32-elf/lib/gcc/xtensa-esp32-elf/5.2.0/plugin/include/objc:
objc-tree.def

./hardware/espressif/esp32/tools/xtensa-esp32-elf/lib/ldscripts:
elf32xtensa.x
elf32xtensa.xbn
elf32xtensa.xc
elf32xtensa.xd
elf32xtensa.xdc
elf32xtensa.xdw
elf32xtensa.xn
elf32xtensa.xr
elf32xtensa.xs
elf32xtensa.xsc
elf32xtensa.xsw
elf32xtensa.xu
elf32xtensa.xw

./hardware/espressif/esp32/tools/xtensa-esp32-elf/libexec:
gcc

./hardware/espressif/esp32/tools/xtensa-esp32-elf/libexec/gcc:
xtensa-esp32-elf

./hardware/espressif/esp32/tools/xtensa-esp32-elf/libexec/gcc/xtensa-esp32-elf:
5.2.0

./hardware/espressif/esp32/tools/xtensa-esp32-elf/libexec/gcc/xtensa-esp32-elf/5.2.0:
cc1
cc1plus
collect2
install-tools
liblto_plugin.so
liblto_plugin.so.0
liblto_plugin.so.0.0.0
lto1
lto-wrapper
plugin

./hardware/espressif/esp32/tools/xtensa-esp32-elf/libexec/gcc/xtensa-esp32-elf/5.2.0/install-tools:
fixincl
fixinc.sh
mkheaders
mkinstalldirs

./hardware/espressif/esp32/tools/xtensa-esp32-elf/libexec/gcc/xtensa-esp32-elf/5.2.0/plugin:
gengtype

./hardware/espressif/esp32/tools/xtensa-esp32-elf/share:
gcc-5.2.0
gdb

./hardware/espressif/esp32/tools/xtensa-esp32-elf/share/gcc-5.2.0:
python

./hardware/espressif/esp32/tools/xtensa-esp32-elf/share/gcc-5.2.0/python:
libstdcxx

./hardware/espressif/esp32/tools/xtensa-esp32-elf/share/gcc-5.2.0/python/libstdcxx:
__init__.py
v6

./hardware/espressif/esp32/tools/xtensa-esp32-elf/share/gcc-5.2.0/python/libstdcxx/v6:
__init__.py
printers.py
xmethods.py

./hardware/espressif/esp32/tools/xtensa-esp32-elf/share/gdb:
gdbinit
python
syscalls
system-gdbinit

./hardware/espressif/esp32/tools/xtensa-esp32-elf/share/gdb/python:
gdb

./hardware/espressif/esp32/tools/xtensa-esp32-elf/share/gdb/python/gdb:
command
FrameDecorator.py
FrameIterator.py
frames.py
function
__init__.py
printer
printing.py
prompt.py
types.py
unwinder.py
xmethod.py

./hardware/espressif/esp32/tools/xtensa-esp32-elf/share/gdb/python/gdb/command:
explore.py
frame_filters.py
__init__.py
pretty_printers.py
prompt.py
type_printers.py
unwinders.py
xmethods.py

./hardware/espressif/esp32/tools/xtensa-esp32-elf/share/gdb/python/gdb/function:
caller_is.py
__init__.py
strfns.py

./hardware/espressif/esp32/tools/xtensa-esp32-elf/share/gdb/python/gdb/printer:
bound_registers.py
__init__.py

./hardware/espressif/esp32/tools/xtensa-esp32-elf/share/gdb/syscalls:
aarch64-linux.xml
amd64-linux.xml
arm-linux.xml
gdb-syscalls.dtd
i386-linux.xml
mips-n32-linux.xml
mips-n64-linux.xml
mips-o32-linux.xml
ppc64-linux.xml
ppc-linux.xml
s390-linux.xml
s390x-linux.xml
sparc64-linux.xml
sparc-linux.xml

./hardware/espressif/esp32/tools/xtensa-esp32-elf/share/gdb/system-gdbinit:
elinos.py
wrs-linux.py

./hardware/espressif/esp32/tools/xtensa-esp32-elf/xtensa-esp32-elf:
bin
debug-root
include
lib32
sysroot

./hardware/espressif/esp32/tools/xtensa-esp32-elf/xtensa-esp32-elf/bin:
ar
as
ld
ld.bfd
nm
objcopy
objdump
ranlib
strip

./hardware/espressif/esp32/tools/xtensa-esp32-elf/xtensa-esp32-elf/debug-root:

./hardware/espressif/esp32/tools/xtensa-esp32-elf/xtensa-esp32-elf/include:
alloca.h
_ansi.h
argz.h
ar.h
assert.h
bits
c++
complex.h
config.h
ctype.h
dirent.h
envlock.h
envz.h
errno.h
fastmath.h
fcntl.h
fenv.h
fnmatch.h
getopt.h
glob.h
grp.h
iconv.h
ieeefp.h
include
inttypes.h
langinfo.h
libgen.h
limits.h
locale.h
machine
malloc.h
math.h
newlib.h
paths.h
pthread.h
pwd.h
reent.h
regdef.h
regex.h
rpc
sched.h
search.h
setjmp.h
signal.h
spawn.h
stdatomic.h
stdint.h
stdio_ext.h
stdio.h
stdlib.h
string.h
strings.h
sys
_syslist.h
tar.h
termios.h
tgmath.h
time.h
unctrl.h
unistd.h
utime.h
utmp.h
wchar.h
wctype.h
wordexp.h
xtensa

./hardware/espressif/esp32/tools/xtensa-esp32-elf/xtensa-esp32-elf/include/bits:

./hardware/espressif/esp32/tools/xtensa-esp32-elf/xtensa-esp32-elf/include/c++:
5.2.0

./hardware/espressif/esp32/tools/xtensa-esp32-elf/xtensa-esp32-elf/include/c++/5.2.0:
algorithm
array
atomic
backward
bits
bitset
cassert
ccomplex
cctype
cerrno
cfenv
cfloat
chrono
cinttypes
ciso646
climits
clocale
cmath
codecvt
complex
complex.h
condition_variable
csetjmp
csignal
cstdalign
cstdarg
cstdbool
cstddef
cstdint
cstdio
cstdlib
cstring
ctgmath
ctime
cwchar
cwctype
cxxabi.h
debug
decimal
deque
exception
experimental
ext
fenv.h
forward_list
fstream
functional
future
initializer_list
iomanip
ios
iosfwd
iostream
istream
iterator
limits
list
locale
map
memory
mutex
new
numeric
ostream
parallel
profile
queue
random
ratio
regex
scoped_allocator
set
shared_mutex
sstream
stack
stdexcept
streambuf
string
system_error
tgmath.h
thread
tr1
tr2
tuple
typeindex
typeinfo
type_traits
unordered_map
unordered_set
utility
valarray
vector
xtensa-esp32-elf

./hardware/espressif/esp32/tools/xtensa-esp32-elf/xtensa-esp32-elf/include/c++/5.2.0/backward:
auto_ptr.h
backward_warning.h
binders.h
hash_fun.h
hash_map
hash_set
hashtable.h
strstream

./hardware/espressif/esp32/tools/xtensa-esp32-elf/xtensa-esp32-elf/include/c++/5.2.0/bits:
algorithmfwd.h
allocated_ptr.h
allocator.h
alloc_traits.h
atomic_base.h
atomic_futex.h
atomic_lockfree_defines.h
basic_ios.h
basic_ios.tcc
basic_string.h
basic_string.tcc
boost_concept_check.h
c++0x_warning.h
c++14_warning.h
char_traits.h
codecvt.h
concept_check.h
cpp_type_traits.h
cxxabi_forced.h
deque.tcc
enable_special_members.h
exception_defines.h
exception_ptr.h
forward_list.h
forward_list.tcc
fstream.tcc
functexcept.h
functional_hash.h
gslice_array.h
gslice.h
hash_bytes.h
hashtable.h
hashtable_policy.h
indirect_array.h
ios_base.h
istream.tcc
list.tcc
locale_classes.h
locale_classes.tcc
locale_conv.h
locale_facets.h
locale_facets_nonio.h
locale_facets_nonio.tcc
locale_facets.tcc
localefwd.h
mask_array.h
memoryfwd.h
move.h
nested_exception.h
ostream_insert.h
ostream.tcc
parse_numbers.h
postypes.h
predefined_ops.h
ptr_traits.h
random.h
random.tcc
range_access.h
regex_automaton.h
regex_automaton.tcc
regex_compiler.h
regex_compiler.tcc
regex_constants.h
regex_error.h
regex_executor.h
regex_executor.tcc
regex.h
regex_scanner.h
regex_scanner.tcc
regex.tcc
shared_ptr_atomic.h
shared_ptr_base.h
shared_ptr.h
slice_array.h
sstream.tcc
stl_algobase.h
stl_algo.h
stl_bvector.h
stl_construct.h
stl_deque.h
stl_function.h
stl_heap.h
stl_iterator_base_funcs.h
stl_iterator_base_types.h
stl_iterator.h
stl_list.h
stl_map.h
stl_multimap.h
stl_multiset.h
stl_numeric.h
stl_pair.h
stl_queue.h
stl_raw_storage_iter.h
stl_relops.h
stl_set.h
stl_stack.h
stl_tempbuf.h
stl_tree.h
stl_uninitialized.h
stl_vector.h
streambuf_iterator.h
streambuf.tcc
stream_iterator.h
stringfwd.h
unique_ptr.h
unordered_map.h
unordered_set.h
uses_allocator.h
valarray_after.h
valarray_array.h
valarray_array.tcc
valarray_before.h
vector.tcc

./hardware/espressif/esp32/tools/xtensa-esp32-elf/xtensa-esp32-elf/include/c++/5.2.0/debug:
array
bitset
debug.h
deque
formatter.h
forward_list
functions.h
list
macros.h
map
map.h
multimap.h
multiset.h
safe_base.h
safe_container.h
safe_iterator.h
safe_iterator.tcc
safe_local_iterator.h
safe_local_iterator.tcc
safe_sequence.h
safe_sequence.tcc
safe_unordered_base.h
safe_unordered_container.h
safe_unordered_container.tcc
set
set.h
string
unordered_map
unordered_set
vector

./hardware/espressif/esp32/tools/xtensa-esp32-elf/xtensa-esp32-elf/include/c++/5.2.0/decimal:
decimal
decimal.h

./hardware/espressif/esp32/tools/xtensa-esp32-elf/xtensa-esp32-elf/include/c++/5.2.0/experimental:
algorithm
any
chrono
functional
optional
ratio
string_view
string_view.tcc
system_error
tuple
type_traits

./hardware/espressif/esp32/tools/xtensa-esp32-elf/xtensa-esp32-elf/include/c++/5.2.0/ext:
algorithm
aligned_buffer.h
alloc_traits.h
array_allocator.h
atomicity.h
bitmap_allocator.h
cast.h
cmath
codecvt_specializations.h
concurrence.h
debug_allocator.h
enc_filebuf.h
extptr_allocator.h
functional
hash_map
hash_set
iterator
malloc_allocator.h
memory
mt_allocator.h
new_allocator.h
numeric
numeric_traits.h
pb_ds
pod_char_traits.h
pointer.h
pool_allocator.h
random
random.tcc
rb_tree
rc_string_base.h
rope
ropeimpl.h
slist
sso_string_base.h
stdio_filebuf.h
stdio_sync_filebuf.h
string_conversions.h
throw_allocator.h
typelist.h
type_traits.h
vstring_fwd.h
vstring.h
vstring.tcc
vstring_util.h

./hardware/espressif/esp32/tools/xtensa-esp32-elf/xtensa-esp32-elf/include/c++/5.2.0/ext/pb_ds:
assoc_container.hpp
detail
exception.hpp
hash_policy.hpp
list_update_policy.hpp
priority_queue.hpp
tag_and_trait.hpp
tree_policy.hpp
trie_policy.hpp

./hardware/espressif/esp32/tools/xtensa-esp32-elf/xtensa-esp32-elf/include/c++/5.2.0/ext/pb_ds/detail:
binary_heap_
binomial_heap_
binomial_heap_base_
bin_search_tree_
branch_policy
cc_hash_table_map_
cond_dealtor.hpp
container_base_dispatch.hpp
debug_map_base.hpp
eq_fn
gp_hash_table_map_
hash_fn
left_child_next_sibling_heap_
list_update_map_
list_update_policy
ov_tree_map_
pairing_heap_
pat_trie_
priority_queue_base_dispatch.hpp
rb_tree_map_
rc_binomial_heap_
resize_policy
splay_tree_
standard_policies.hpp
thin_heap_
tree_policy
tree_trace_base.hpp
trie_policy
types_traits.hpp
type_utils.hpp
unordered_iterator

./hardware/espressif/esp32/tools/xtensa-esp32-elf/xtensa-esp32-elf/include/c++/5.2.0/ext/pb_ds/detail/binary_heap_:
binary_heap_.hpp
const_iterator.hpp
constructors_destructor_fn_imps.hpp
debug_fn_imps.hpp
entry_cmp.hpp
entry_pred.hpp
erase_fn_imps.hpp
find_fn_imps.hpp
info_fn_imps.hpp
insert_fn_imps.hpp
iterators_fn_imps.hpp
point_const_iterator.hpp
policy_access_fn_imps.hpp
resize_policy.hpp
split_join_fn_imps.hpp
trace_fn_imps.hpp

./hardware/espressif/esp32/tools/xtensa-esp32-elf/xtensa-esp32-elf/include/c++/5.2.0/ext/pb_ds/detail/binomial_heap_:
binomial_heap_.hpp
constructors_destructor_fn_imps.hpp
debug_fn_imps.hpp

./hardware/espressif/esp32/tools/xtensa-esp32-elf/xtensa-esp32-elf/include/c++/5.2.0/ext/pb_ds/detail/binomial_heap_base_:
binomial_heap_base_.hpp
constructors_destructor_fn_imps.hpp
debug_fn_imps.hpp
erase_fn_imps.hpp
find_fn_imps.hpp
insert_fn_imps.hpp
split_join_fn_imps.hpp

./hardware/espressif/esp32/tools/xtensa-esp32-elf/xtensa-esp32-elf/include/c++/5.2.0/ext/pb_ds/detail/bin_search_tree_:
bin_search_tree_.hpp
constructors_destructor_fn_imps.hpp
debug_fn_imps.hpp
erase_fn_imps.hpp
find_fn_imps.hpp
info_fn_imps.hpp
insert_fn_imps.hpp
iterators_fn_imps.hpp
node_iterators.hpp
point_iterators.hpp
policy_access_fn_imps.hpp
r_erase_fn_imps.hpp
rotate_fn_imps.hpp
split_join_fn_imps.hpp
traits.hpp

./hardware/espressif/esp32/tools/xtensa-esp32-elf/xtensa-esp32-elf/include/c++/5.2.0/ext/pb_ds/detail/branch_policy:
branch_policy.hpp
null_node_metadata.hpp
traits.hpp

./hardware/espressif/esp32/tools/xtensa-esp32-elf/xtensa-esp32-elf/include/c++/5.2.0/ext/pb_ds/detail/cc_hash_table_map_:
cc_ht_map_.hpp
cmp_fn_imps.hpp
cond_key_dtor_entry_dealtor.hpp
constructor_destructor_fn_imps.hpp
constructor_destructor_no_store_hash_fn_imps.hpp
constructor_destructor_store_hash_fn_imps.hpp
debug_fn_imps.hpp
debug_no_store_hash_fn_imps.hpp
debug_store_hash_fn_imps.hpp
entry_list_fn_imps.hpp
erase_fn_imps.hpp
erase_no_store_hash_fn_imps.hpp
erase_store_hash_fn_imps.hpp
find_fn_imps.hpp
find_store_hash_fn_imps.hpp
info_fn_imps.hpp
insert_fn_imps.hpp
insert_no_store_hash_fn_imps.hpp
insert_store_hash_fn_imps.hpp
iterators_fn_imps.hpp
policy_access_fn_imps.hpp
resize_fn_imps.hpp
resize_no_store_hash_fn_imps.hpp
resize_store_hash_fn_imps.hpp
size_fn_imps.hpp
trace_fn_imps.hpp

./hardware/espressif/esp32/tools/xtensa-esp32-elf/xtensa-esp32-elf/include/c++/5.2.0/ext/pb_ds/detail/eq_fn:
eq_by_less.hpp
hash_eq_fn.hpp

./hardware/espressif/esp32/tools/xtensa-esp32-elf/xtensa-esp32-elf/include/c++/5.2.0/ext/pb_ds/detail/gp_hash_table_map_:
constructor_destructor_fn_imps.hpp
constructor_destructor_no_store_hash_fn_imps.hpp
constructor_destructor_store_hash_fn_imps.hpp
debug_fn_imps.hpp
debug_no_store_hash_fn_imps.hpp
debug_store_hash_fn_imps.hpp
erase_fn_imps.hpp
erase_no_store_hash_fn_imps.hpp
erase_store_hash_fn_imps.hpp
find_fn_imps.hpp
find_no_store_hash_fn_imps.hpp
find_store_hash_fn_imps.hpp
gp_ht_map_.hpp
info_fn_imps.hpp
insert_fn_imps.hpp
insert_no_store_hash_fn_imps.hpp
insert_store_hash_fn_imps.hpp
iterator_fn_imps.hpp
policy_access_fn_imps.hpp
resize_fn_imps.hpp
resize_no_store_hash_fn_imps.hpp
resize_store_hash_fn_imps.hpp
trace_fn_imps.hpp

./hardware/espressif/esp32/tools/xtensa-esp32-elf/xtensa-esp32-elf/include/c++/5.2.0/ext/pb_ds/detail/hash_fn:
direct_mask_range_hashing_imp.hpp
direct_mod_range_hashing_imp.hpp
linear_probe_fn_imp.hpp
mask_based_range_hashing.hpp
mod_based_range_hashing.hpp
probe_fn_base.hpp
quadratic_probe_fn_imp.hpp
ranged_hash_fn.hpp
ranged_probe_fn.hpp
sample_probe_fn.hpp
sample_ranged_hash_fn.hpp
sample_ranged_probe_fn.hpp
sample_range_hashing.hpp

./hardware/espressif/esp32/tools/xtensa-esp32-elf/xtensa-esp32-elf/include/c++/5.2.0/ext/pb_ds/detail/left_child_next_sibling_heap_:
const_iterator.hpp
constructors_destructor_fn_imps.hpp
debug_fn_imps.hpp
erase_fn_imps.hpp
info_fn_imps.hpp
insert_fn_imps.hpp
iterators_fn_imps.hpp
left_child_next_sibling_heap_.hpp
node.hpp
point_const_iterator.hpp
policy_access_fn_imps.hpp
trace_fn_imps.hpp

./hardware/espressif/esp32/tools/xtensa-esp32-elf/xtensa-esp32-elf/include/c++/5.2.0/ext/pb_ds/detail/list_update_map_:
constructor_destructor_fn_imps.hpp
debug_fn_imps.hpp
entry_metadata_base.hpp
erase_fn_imps.hpp
find_fn_imps.hpp
info_fn_imps.hpp
insert_fn_imps.hpp
iterators_fn_imps.hpp
lu_map_.hpp
trace_fn_imps.hpp

./hardware/espressif/esp32/tools/xtensa-esp32-elf/xtensa-esp32-elf/include/c++/5.2.0/ext/pb_ds/detail/list_update_policy:
lu_counter_metadata.hpp
sample_update_policy.hpp

./hardware/espressif/esp32/tools/xtensa-esp32-elf/xtensa-esp32-elf/include/c++/5.2.0/ext/pb_ds/detail/ov_tree_map_:
constructors_destructor_fn_imps.hpp
debug_fn_imps.hpp
erase_fn_imps.hpp
info_fn_imps.hpp
insert_fn_imps.hpp
iterators_fn_imps.hpp
node_iterators.hpp
ov_tree_map_.hpp
policy_access_fn_imps.hpp
split_join_fn_imps.hpp
traits.hpp

./hardware/espressif/esp32/tools/xtensa-esp32-elf/xtensa-esp32-elf/include/c++/5.2.0/ext/pb_ds/detail/pairing_heap_:
constructors_destructor_fn_imps.hpp
debug_fn_imps.hpp
erase_fn_imps.hpp
find_fn_imps.hpp
insert_fn_imps.hpp
pairing_heap_.hpp
split_join_fn_imps.hpp

./hardware/espressif/esp32/tools/xtensa-esp32-elf/xtensa-esp32-elf/include/c++/5.2.0/ext/pb_ds/detail/pat_trie_:
constructors_destructor_fn_imps.hpp
debug_fn_imps.hpp
erase_fn_imps.hpp
find_fn_imps.hpp
info_fn_imps.hpp
insert_join_fn_imps.hpp
iterators_fn_imps.hpp
pat_trie_base.hpp
pat_trie_.hpp
policy_access_fn_imps.hpp
r_erase_fn_imps.hpp
rotate_fn_imps.hpp
split_fn_imps.hpp
synth_access_traits.hpp
trace_fn_imps.hpp
traits.hpp
update_fn_imps.hpp

./hardware/espressif/esp32/tools/xtensa-esp32-elf/xtensa-esp32-elf/include/c++/5.2.0/ext/pb_ds/detail/rb_tree_map_:
constructors_destructor_fn_imps.hpp
debug_fn_imps.hpp
erase_fn_imps.hpp
find_fn_imps.hpp
info_fn_imps.hpp
insert_fn_imps.hpp
node.hpp
rb_tree_.hpp
split_join_fn_imps.hpp
traits.hpp

./hardware/espressif/esp32/tools/xtensa-esp32-elf/xtensa-esp32-elf/include/c++/5.2.0/ext/pb_ds/detail/rc_binomial_heap_:
constructors_destructor_fn_imps.hpp
debug_fn_imps.hpp
erase_fn_imps.hpp
insert_fn_imps.hpp
rc_binomial_heap_.hpp
rc.hpp
split_join_fn_imps.hpp
trace_fn_imps.hpp

./hardware/espressif/esp32/tools/xtensa-esp32-elf/xtensa-esp32-elf/include/c++/5.2.0/ext/pb_ds/detail/resize_policy:
cc_hash_max_collision_check_resize_trigger_imp.hpp
hash_exponential_size_policy_imp.hpp
hash_load_check_resize_trigger_imp.hpp
hash_load_check_resize_trigger_size_base.hpp
hash_prime_size_policy_imp.hpp
hash_standard_resize_policy_imp.hpp
sample_resize_policy.hpp
sample_resize_trigger.hpp
sample_size_policy.hpp

./hardware/espressif/esp32/tools/xtensa-esp32-elf/xtensa-esp32-elf/include/c++/5.2.0/ext/pb_ds/detail/splay_tree_:
constructors_destructor_fn_imps.hpp
debug_fn_imps.hpp
erase_fn_imps.hpp
find_fn_imps.hpp
info_fn_imps.hpp
insert_fn_imps.hpp
node.hpp
splay_fn_imps.hpp
splay_tree_.hpp
split_join_fn_imps.hpp
traits.hpp

./hardware/espressif/esp32/tools/xtensa-esp32-elf/xtensa-esp32-elf/include/c++/5.2.0/ext/pb_ds/detail/thin_heap_:
constructors_destructor_fn_imps.hpp
debug_fn_imps.hpp
erase_fn_imps.hpp
find_fn_imps.hpp
insert_fn_imps.hpp
split_join_fn_imps.hpp
thin_heap_.hpp
trace_fn_imps.hpp

./hardware/espressif/esp32/tools/xtensa-esp32-elf/xtensa-esp32-elf/include/c++/5.2.0/ext/pb_ds/detail/tree_policy:
node_metadata_selector.hpp
order_statistics_imp.hpp
sample_tree_node_update.hpp

./hardware/espressif/esp32/tools/xtensa-esp32-elf/xtensa-esp32-elf/include/c++/5.2.0/ext/pb_ds/detail/trie_policy:
node_metadata_selector.hpp
order_statistics_imp.hpp
prefix_search_node_update_imp.hpp
sample_trie_access_traits.hpp
sample_trie_node_update.hpp
trie_policy_base.hpp
trie_string_access_traits_imp.hpp

./hardware/espressif/esp32/tools/xtensa-esp32-elf/xtensa-esp32-elf/include/c++/5.2.0/ext/pb_ds/detail/unordered_iterator:
const_iterator.hpp
iterator.hpp
point_const_iterator.hpp
point_iterator.hpp

./hardware/espressif/esp32/tools/xtensa-esp32-elf/xtensa-esp32-elf/include/c++/5.2.0/parallel:
algobase.h
algo.h
algorithm
algorithmfwd.h
balanced_quicksort.h
base.h
basic_iterator.h
checkers.h
compatibility.h
compiletime_settings.h
equally_split.h
features.h
find.h
find_selectors.h
for_each.h
for_each_selectors.h
iterator.h
list_partition.h
losertree.h
merge.h
multiseq_selection.h
multiway_merge.h
multiway_mergesort.h
numeric
numericfwd.h
omp_loop.h
omp_loop_static.h
parallel.h
par_loop.h
partial_sum.h
partition.h
queue.h
quicksort.h
random_number.h
random_shuffle.h
search.h
set_operations.h
settings.h
sort.h
tags.h
types.h
unique_copy.h
workstealing.h

./hardware/espressif/esp32/tools/xtensa-esp32-elf/xtensa-esp32-elf/include/c++/5.2.0/profile:
array
base.h
bitset
deque
forward_list
impl
iterator_tracker.h
list
map
map.h
multimap.h
multiset.h
ordered_base.h
set
set.h
unordered_base.h
unordered_map
unordered_set
vector

./hardware/espressif/esp32/tools/xtensa-esp32-elf/xtensa-esp32-elf/include/c++/5.2.0/profile/impl:
profiler_algos.h
profiler_container_size.h
profiler.h
profiler_hash_func.h
profiler_hashtable_size.h
profiler_list_to_slist.h
profiler_list_to_vector.h
profiler_map_to_unordered_map.h
profiler_node.h
profiler_state.h
profiler_trace.h
profiler_vector_size.h
profiler_vector_to_list.h

./hardware/espressif/esp32/tools/xtensa-esp32-elf/xtensa-esp32-elf/include/c++/5.2.0/tr1:
array
bessel_function.tcc
beta_function.tcc
ccomplex
cctype
cfenv
cfloat
cinttypes
climits
cmath
complex
complex.h
cstdarg
cstdbool
cstdint
cstdio
cstdlib
ctgmath
ctime
ctype.h
cwchar
cwctype
ell_integral.tcc
exp_integral.tcc
fenv.h
float.h
functional
functional_hash.h
gamma.tcc
hashtable.h
hashtable_policy.h
hypergeometric.tcc
inttypes.h
legendre_function.tcc
limits.h
math.h
memory
modified_bessel_func.tcc
poly_hermite.tcc
poly_laguerre.tcc
random
random.h
random.tcc
regex
riemann_zeta.tcc
shared_ptr.h
special_function_util.h
stdarg.h
stdbool.h
stdint.h
stdio.h
stdlib.h
tgmath.h
tuple
type_traits
unordered_map
unordered_map.h
unordered_set
unordered_set.h
utility
wchar.h
wctype.h

./hardware/espressif/esp32/tools/xtensa-esp32-elf/xtensa-esp32-elf/include/c++/5.2.0/tr2:
bool_set
bool_set.tcc
dynamic_bitset
dynamic_bitset.tcc
ratio
type_traits

./hardware/espressif/esp32/tools/xtensa-esp32-elf/xtensa-esp32-elf/include/c++/5.2.0/xtensa-esp32-elf:
bits
ext

./hardware/espressif/esp32/tools/xtensa-esp32-elf/xtensa-esp32-elf/include/c++/5.2.0/xtensa-esp32-elf/bits:
atomic_word.h
basic_file.h
c++allocator.h
c++config.h
c++io.h
c++locale.h
cpu_defines.h
ctype_base.h
ctype_inline.h
cxxabi_tweaks.h
error_constants.h
extc++.h
gthr-default.h
gthr.h
gthr-posix.h
gthr-single.h
messages_members.h
opt_random.h
os_defines.h
stdc++.h
stdtr1c++.h
time_members.h

./hardware/espressif/esp32/tools/xtensa-esp32-elf/xtensa-esp32-elf/include/c++/5.2.0/xtensa-esp32-elf/ext:
opt_random.h

./hardware/espressif/esp32/tools/xtensa-esp32-elf/xtensa-esp32-elf/include/include:
alloca.h
_ansi.h
argz.h
ar.h
assert.h
complex.h
config.h
ctype.h
dirent.h
envlock.h
envz.h
errno.h
fastmath.h
fcntl.h
fenv.h
fnmatch.h
getopt.h
glob.h
grp.h
iconv.h
ieeefp.h
inttypes.h
langinfo.h
libgen.h
limits.h
locale.h
machine
malloc.h
math.h
newlib.h
paths.h
pthread.h
pwd.h
reent.h
regdef.h
regex.h
rpc
sched.h
search.h
setjmp.h
signal.h
spawn.h
stdatomic.h
stdint.h
stdio_ext.h
stdio.h
stdlib.h
string.h
strings.h
sys
_syslist.h
tar.h
termios.h
tgmath.h
time.h
unctrl.h
unistd.h
utime.h
utmp.h
wchar.h
wctype.h
wordexp.h
xtensa

./hardware/espressif/esp32/tools/xtensa-esp32-elf/xtensa-esp32-elf/include/include/machine:
ansi.h
_default_types.h
endian.h
fastmath.h
ieeefp.h
malloc.h
param.h
setjmp-dj.h
setjmp.h
stdlib.h
termios.h
time.h
_types.h
types.h

./hardware/espressif/esp32/tools/xtensa-esp32-elf/xtensa-esp32-elf/include/include/rpc:
types.h
xdr.h

./hardware/espressif/esp32/tools/xtensa-esp32-elf/xtensa-esp32-elf/include/include/sys:
cdefs.h
config.h
custom_file.h
_default_fcntl.h
dirent.h
dir.h
errno.h
fcntl.h
features.h
file.h
iconvnls.h
_intsup.h
lock.h
param.h
queue.h
reent.h
resource.h
sched.h
signal.h
stat.h
stdio.h
string.h
syslimits.h
timeb.h
time.h
times.h
_types.h
types.h
unistd.h
utime.h
wait.h

./hardware/espressif/esp32/tools/xtensa-esp32-elf/xtensa-esp32-elf/include/include/xtensa:
config

./hardware/espressif/esp32/tools/xtensa-esp32-elf/xtensa-esp32-elf/include/include/xtensa/config:
core-isa.h

./hardware/espressif/esp32/tools/xtensa-esp32-elf/xtensa-esp32-elf/include/machine:
ansi.h
_default_types.h
endian.h
fastmath.h
ieeefp.h
malloc.h
param.h
setjmp-dj.h
setjmp.h
stdlib.h
termios.h
time.h
_types.h
types.h

./hardware/espressif/esp32/tools/xtensa-esp32-elf/xtensa-esp32-elf/include/rpc:

./hardware/espressif/esp32/tools/xtensa-esp32-elf/xtensa-esp32-elf/include/sys:
cdefs.h
config.h
custom_file.h
_default_fcntl.h
dirent.h
dir.h
errno.h
fcntl.h
features.h
file.h
iconvnls.h
_intsup.h
lock.h
param.h
queue.h
reent.h
resource.h
sched.h
signal.h
stat.h
stdio.h
string.h
syslimits.h
timeb.h
time.h
times.h
_types.h
types.h
unistd.h
utime.h
wait.h

./hardware/espressif/esp32/tools/xtensa-esp32-elf/xtensa-esp32-elf/include/xtensa:
config

./hardware/espressif/esp32/tools/xtensa-esp32-elf/xtensa-esp32-elf/include/xtensa/config:
core-isa.h

./hardware/espressif/esp32/tools/xtensa-esp32-elf/xtensa-esp32-elf/sysroot:
usr

./hardware/espressif/esp32/tools/xtensa-esp32-elf/xtensa-esp32-elf/sysroot/usr:
include
lib

./hardware/espressif/esp32/tools/xtensa-esp32-elf/xtensa-esp32-elf/sysroot/usr/include:
alloca.h
_ansi.h
argz.h
ar.h
assert.h
complex.h
config.h
ctype.h
dirent.h
envlock.h
envz.h
errno.h
fastmath.h
fcntl.h
fenv.h
fnmatch.h
getopt.h
glob.h
grp.h
iconv.h
ieeefp.h
inttypes.h
langinfo.h
libgen.h
limits.h
locale.h
machine
malloc.h
math.h
newlib.h
paths.h
pthread.h
pwd.h
reent.h
regdef.h
regex.h
rpc
sched.h
search.h
setjmp.h
signal.h
spawn.h
stdatomic.h
stdint.h
stdio_ext.h
stdio.h
stdlib.h
string.h
strings.h
sys
_syslist.h
tar.h
termios.h
tgmath.h
time.h
unctrl.h
unistd.h
utime.h
utmp.h
wchar.h
wctype.h
wordexp.h
xtensa

./hardware/espressif/esp32/tools/xtensa-esp32-elf/xtensa-esp32-elf/sysroot/usr/include/machine:
ansi.h
_default_types.h
endian.h
fastmath.h
ieeefp.h
malloc.h
param.h
setjmp-dj.h
setjmp.h
stdlib.h
termios.h
time.h
_types.h
types.h

./hardware/espressif/esp32/tools/xtensa-esp32-elf/xtensa-esp32-elf/sysroot/usr/include/rpc:
types.h
xdr.h

./hardware/espressif/esp32/tools/xtensa-esp32-elf/xtensa-esp32-elf/sysroot/usr/include/sys:
cdefs.h
config.h
custom_file.h
_default_fcntl.h
dirent.h
dir.h
errno.h
fcntl.h
features.h
file.h
iconvnls.h
_intsup.h
lock.h
param.h
queue.h
reent.h
resource.h
sched.h
signal.h
stat.h
stdio.h
string.h
syslimits.h
timeb.h
time.h
times.h
_types.h
types.h
unistd.h
utime.h
wait.h

./hardware/espressif/esp32/tools/xtensa-esp32-elf/xtensa-esp32-elf/sysroot/usr/include/xtensa:
config

./hardware/espressif/esp32/tools/xtensa-esp32-elf/xtensa-esp32-elf/sysroot/usr/include/xtensa/config:
core-isa.h

./hardware/espressif/esp32/tools/xtensa-esp32-elf/xtensa-esp32-elf/sysroot/usr/lib:

./hardware/espressif/esp32/variants:
doitESP32devkitV1
esp32
esp320
esp32-evb
esp32-gateway
esp32thing
esp32vn-iot-uno
espea32
espectro32
espino32
feather_esp32
firebeetle32
heltec_wifi_kit_32
heltec_wifi_lora_32
hornbill32dev
hornbill32minima
intorobot-fig
lolin32
m5stack-core-esp32
mhetesp32devkit
mhetesp32minikit
Microduino-esp32
nano32
nina_w10
node32s
nodemcu-32s
onehorse32dev
pocket_32
quantum
widora-air

./hardware/espressif/esp32/variants/doitESP32devkitV1:
pins_arduino.h

./hardware/espressif/esp32/variants/esp32:
pins_arduino.h

./hardware/espressif/esp32/variants/esp320:
pins_arduino.h

./hardware/espressif/esp32/variants/esp32-evb:
pins_arduino.h

./hardware/espressif/esp32/variants/esp32-gateway:
pins_arduino.h

./hardware/espressif/esp32/variants/esp32thing:
pins_arduino.h

./hardware/espressif/esp32/variants/esp32vn-iot-uno:
pins_arduino.h

./hardware/espressif/esp32/variants/espea32:
pins_arduino.h

./hardware/espressif/esp32/variants/espectro32:
pins_arduino.h

./hardware/espressif/esp32/variants/espino32:
pins_arduino.h

./hardware/espressif/esp32/variants/feather_esp32:
pins_arduino.h

./hardware/espressif/esp32/variants/firebeetle32:
pins_arduino.h

./hardware/espressif/esp32/variants/heltec_wifi_kit_32:
pins_arduino.h

./hardware/espressif/esp32/variants/heltec_wifi_lora_32:
pins_arduino.h

./hardware/espressif/esp32/variants/hornbill32dev:
pins_arduino.h

./hardware/espressif/esp32/variants/hornbill32minima:
pins_arduino.h

./hardware/espressif/esp32/variants/intorobot-fig:
pins_arduino.h

./hardware/espressif/esp32/variants/lolin32:
pins_arduino.h

./hardware/espressif/esp32/variants/m5stack-core-esp32:
pins_arduino.h

./hardware/espressif/esp32/variants/mhetesp32devkit:
pins_arduino.h

./hardware/espressif/esp32/variants/mhetesp32minikit:
pins_arduino.h

./hardware/espressif/esp32/variants/Microduino-esp32:
pins_arduino.h

./hardware/espressif/esp32/variants/nano32:
pins_arduino.h

./hardware/espressif/esp32/variants/nina_w10:
pins_arduino.h

./hardware/espressif/esp32/variants/node32s:
pins_arduino.h

./hardware/espressif/esp32/variants/nodemcu-32s:
pins_arduino.h

./hardware/espressif/esp32/variants/onehorse32dev:
pins_arduino.h

./hardware/espressif/esp32/variants/pocket_32:
pins_arduino.h

./hardware/espressif/esp32/variants/quantum:
pins_arduino.h

./hardware/espressif/esp32/variants/widora-air:
pins_arduino.h

./libraries:
readme.txt
WebServer_tng

./libraries/WebServer_tng:
examples
keywords.txt
library.properties
LICENSE
README.md
src

./libraries/WebServer_tng/examples:
AdvancedWebServer
FSBrowser
HelloServer
HttpBasicAuth
SDWebServer
SimpleAuthentification
WebUpdate

./libraries/WebServer_tng/examples/AdvancedWebServer:
AdvancedWebServer.ino

./libraries/WebServer_tng/examples/FSBrowser:
data
FSBrowser.ino

./libraries/WebServer_tng/examples/FSBrowser/data:
edit.htm.gz
favicon.ico
graphs.js.gz
index.htm

./libraries/WebServer_tng/examples/HelloServer:
HelloServer.ino

./libraries/WebServer_tng/examples/HttpBasicAuth:
HttpBasicAuth.ino

./libraries/WebServer_tng/examples/SDWebServer:
SdRoot
SDWebServer.ino

./libraries/WebServer_tng/examples/SDWebServer/SdRoot:
edit
index.htm
pins.png

./libraries/WebServer_tng/examples/SDWebServer/SdRoot/edit:
index.htm

./libraries/WebServer_tng/examples/SimpleAuthentification:
SimpleAuthentification.ino

./libraries/WebServer_tng/examples/WebUpdate:
WebUpdate.ino

./libraries/WebServer_tng/src:
detail
ESP8266WebServer.h
Parsing.cpp
WebServer.cpp
WebServer.h

./libraries/WebServer_tng/src/detail:
RequestHandler.h
RequestHandlersImpl.h

./tools:
ESP32FS

./tools/ESP32FS:
tool

./tools/ESP32FS/tool:
esp32fs.jar

./WifiZineThrowie:
data
DNSServer.cpp
DNSServer.h
WifiZineThrowie.ino

./WifiZineThrowie/data:
clap.png
edit.htm.gz
index.htm
signaltree.jpg
speakoutloud.png
